A_baseline sim_65_80 RTF 0.273 update_ms 6.925096054054054 grasp True support True slip 0.00037971663415543476
A_baseline supported_grasp RTF 0.245 update_ms 7.73444131498471 grasp True support True slip 0.00037971663415543476
A_baseline transport RTF 0.318 update_ms 5.835146051084518 grasp True support True slip 0.00037971663415543476
B2_collision_3box sim_65_80 RTF 0.485 update_ms 3.7616962154172566 grasp False support False slip 0.0
B_collision_3box sim_65_80 RTF 0.905 update_ms 1.5148097666813964 grasp False support False slip 0.0
D_physics_3ms sim_65_80 RTF 0.525 update_ms 4.932377925956569 grasp True support True slip 0.00030014807073065796
D_physics_3ms supported_grasp RTF 0.449 update_ms 6.218072346756153 grasp True support True slip 0.00030014807073065796
D_physics_3ms transport RTF 0.373 update_ms 7.570420127740455 grasp True support True slip 0.00030014807073065796
E_physics_4ms sim_65_80 RTF 0.482 update_ms 7.54355263119216 grasp True support True slip 0.0007437261642589727
E_physics_4ms supported_grasp RTF 0.476 update_ms 8.044338456090651 grasp True support True slip 0.0007437261642589727
E_physics_4ms transport RTF 0.449 update_ms 8.401594799296408 grasp True support True slip 0.0007437261642589727
F_pose_filter sim_65_80 RTF 0.543 update_ms 6.614286611186165 grasp True support True slip 0.00023567935871194595
F_pose_filter supported_grasp RTF 0.467 update_ms 7.993139864978904 grasp True support True slip 0.00023567935871194595
F_pose_filter transport RTF 0.489 update_ms 7.635811871878396 grasp True support True slip 0.00023567935871194595
G2_contact_aggregation sim_65_80 RTF 0.965 update_ms 2.140098772700297 grasp False support False slip 0.0
G3_contact_aggregation_retry sim_65_80 RTF 0.561 update_ms 6.348303128668172 grasp True support True slip 0.00044388395888974864
G3_contact_aggregation_retry supported_grasp RTF 0.436 update_ms 7.820842213114755 grasp True support True slip 0.00044388395888974864
G3_contact_aggregation_retry transport RTF 0.462 update_ms 8.113245464542556 grasp True support True slip 0.00044388395888974864
G4_contact_aggregation_headless sim_65_80 RTF 0.673 update_ms 5.072116331002958 grasp True support True slip 0.000411199149147192
G4_contact_aggregation_headless supported_grasp RTF 0.547 update_ms 6.763830369565217 grasp True support True slip 0.000411199149147192
G4_contact_aggregation_headless transport RTF 0.531 update_ms 7.044146013690106 grasp True support True slip 0.000411199149147192
G_contact_aggregation sim_65_80 RTF 0.978 update_ms 2.053548354857475 grasp False support False slip 0.0
H2_headless_approach_timeout sim_65_80 RTF 0.685 update_ms 4.954867228634849 grasp True support True slip 0.000603553979924078
H2_headless_approach_timeout supported_grasp RTF 0.566 update_ms 6.556913327731092 grasp True support True slip 0.000603553979924078
H2_headless_approach_timeout transport RTF 0.554 update_ms 6.7297970845189585 grasp True support True slip 0.000603553979924078
H_headless_safe_open sim_65_80 RTF 0.968 update_ms 2.0694168692267776 grasp False support False slip 0.0
