O_native_headless_full GRASP_CHECK 0.511 6.144
O_native_headless_full TRANSLATING 0.529 6.391
O_native_headless_full TRANSLATION_SETTLING 0.515 6.392
O_native_headless_full ROTATING 0.426 7.111
O_native_headless_full SETTLING 0.442 6.982
O_native_headless_full POST_ROTATION_TRANSLATING 0.513 6.6
O_native_headless_full POST_ROTATION_SETTLING 0.757 5.314
O_native_headless_full pivot 0.469 6.796
P_ros_contact_full_control GRASP_CHECK 0.569 5.907
P_ros_contact_full_control TRANSLATING 0.547 6.55
P_ros_contact_full_control TRANSLATION_SETTLING 0.494 7.58
P_ros_contact_full_control ROTATING 0.421 7.448
P_ros_contact_full_control SETTLING 0.448 7.126
P_ros_contact_full_control POST_ROTATION_TRANSLATING 0.56 6.638
P_ros_contact_full_control POST_ROTATION_SETTLING 0.523 6.681
P_ros_contact_full_control pivot 0.492 6.948
Q2_native_headless_full_retry GRASP_CHECK 0.456 7.188
Q2_native_headless_full_retry TRANSLATING 0.518 6.437
Q2_native_headless_full_retry TRANSLATION_SETTLING 0.477 6.723
Q2_native_headless_full_retry ROTATING 0.401 7.255
Q2_native_headless_full_retry SETTLING 0.451 6.998
Q2_native_headless_full_retry POST_ROTATION_TRANSLATING 0.52 6.526
Q2_native_headless_full_retry POST_ROTATION_SETTLING 0.545 6.296
Q2_native_headless_full_retry pivot 0.494 6.584
