M_ros_contact_baseline whole_run RTF 0.687 update_ms 5.452183742115711 grasp True support True slip 0.0004643122729705562
M_ros_contact_baseline sim_65_80 RTF 0.634 update_ms 5.541394876430206 grasp True support True slip 0.0004643122729705562
M_ros_contact_baseline supported_grasp RTF 0.521 update_ms 7.163706398632341 grasp True support True slip 0.0004643122729705562
M_ros_contact_baseline transport RTF 0.503 update_ms 7.463744404978064 grasp True support True slip 0.0004643122729705562
N_native_contact_candidate whole_run RTF 0.705 update_ms 5.236216703147164 grasp True support True slip 0.000364450970081184
N_native_contact_candidate sim_65_80 RTF 0.666 update_ms 5.104787230856816 grasp True support True slip 0.000364450970081184
N_native_contact_candidate supported_grasp RTF 0.503 update_ms 7.380541007894737 grasp True support True slip 0.000364450970081184
N_native_contact_candidate transport RTF 0.53 update_ms 7.058777480757001 grasp True support True slip 0.000364450970081184
O_native_headless_full whole_run RTF 0.563 update_ms 6.8519865589311575 grasp True support True slip 0.006277226567355018
O_native_headless_full sim_65_80 RTF 0.642 update_ms 5.245738445987227 grasp True support True slip 0.006277226567355018
O_native_headless_full supported_grasp RTF 0.548 update_ms 6.782145246376811 grasp True support True slip 0.006277226567355018
O_native_headless_full transport RTF 0.488 update_ms 7.695151981843299 grasp True support True slip 0.006277226567355018
P_ros_contact_full_control whole_run RTF 0.584 update_ms 6.550135821242469 grasp True support True slip 0.006525378070703289
P_ros_contact_full_control sim_65_80 RTF 0.864 update_ms 3.491539181670722 grasp True support True slip 0.006525378070703289
P_ros_contact_full_control supported_grasp RTF 0.539 update_ms 6.945096771018793 grasp True support True slip 0.006525378070703289
P_ros_contact_full_control transport RTF 0.506 update_ms 7.4224551017710345 grasp True support True slip 0.006525378070703289
Q2_native_headless_full_retry whole_run RTF 0.562 update_ms 6.859474049541214 grasp True support True slip 0.005385422057127146
Q2_native_headless_full_retry sim_65_80 RTF 0.718 update_ms 4.472408595048143 grasp True support True slip 0.005385422057127146
Q2_native_headless_full_retry supported_grasp RTF 0.543 update_ms 7.018833037593985 grasp True support True slip 0.005385422057127146
Q2_native_headless_full_retry transport RTF 0.485 update_ms 7.741607245990583 grasp True support True slip 0.005385422057127146
Q_native_headless_full_repeat whole_run RTF 0.018 update_ms None grasp False support False slip 0.0
