21:55:44: Creating resource group General
21:55:44: Creating resource group Internal
21:55:44: Creating resource group Autodetect
21:55:44: SceneManagerFactory for type 'DefaultSceneManager' registered.
21:55:44: Registering ResourceManager for type Material
21:55:44: Registering ResourceManager for type Mesh
21:55:44: Registering ResourceManager for type Mesh2
21:55:44: Registering ResourceManager for type OldSkeleton
21:55:44: MovableObjectFactory for type 'ParticleSystem' registered.
21:55:44: ArchiveFactory for archive type FileSystem registered.
21:55:44: ArchiveFactory for archive type Zip registered.
21:55:44: ArchiveFactory for archive type EmbeddedZip registered.
21:55:44: DDS codec registering
21:55:44: FreeImage version: 3.18.0
21:55:44: This program uses FreeImage, a free, open source image library supporting all common bitmap formats. See http://freeimage.sourceforge.net for details
21:55:44: Supported formats: bmp,ico,jpg,jif,jpeg,jpe,jng,koa,iff,lbm,mng,pbm,pbm,pcd,pcx,pgm,pgm,png,ppm,ppm,ras,tga,targa,tif,tiff,wap,wbmp,wbm,psd,psb,cut,xbm,xpm,gif,hdr,g3,sgi,rgb,rgba,bw,exr,j2k,j2c,jp2,pfm,pct,pict,pic,3fr,arw,bay,bmq,cap,cine,cr2,crw,cs1,dc2,dcr,drf,dsc,dng,erf,fff,ia,iiq,k25,kc2,kdc,mdc,mef,mos,mrw,nef,nrw,orf,pef,ptx,pxn,qtk,raf,raw,rdc,rw2,rwl,rwz,sr2,srf,srw,sti,x3f,webp,jxr,wdp,hdp
21:55:44: OITD codec registering
21:55:44: Registering ResourceManager for type HighLevelGpuProgram
21:55:44: MovableObjectFactory for type 'Decal' registered.
21:55:44: MovableObjectFactory for type 'InternalCubemapProbe' registered.
21:55:44: MovableObjectFactory for type 'Entity' registered.
21:55:44: MovableObjectFactory for type 'Item' registered.
21:55:44: MovableObjectFactory for type 'Light' registered.
21:55:44: MovableObjectFactory for type 'Rectangle2Dv2' registered.
21:55:44: MovableObjectFactory for type 'BillboardSet' registered.
21:55:44: MovableObjectFactory for type 'ManualObject2' registered.
21:55:44: MovableObjectFactory for type 'BillboardChain' registered.
21:55:44: MovableObjectFactory for type 'RibbonTrail' registered.
21:55:44: MovableObjectFactory for type 'WireAabb' registered.
21:55:44: *-*-* OGRE Initialising
21:55:44: *-*-* Version 2.2.5 (Cerberus)
21:55:44: OverlayElementFactory for type Panel registered.
21:55:44: OverlayElementFactory for type BorderPanel registered.
21:55:44: OverlayElementFactory for type TextArea registered.
21:55:44: Registering ResourceManager for type Font
21:55:44: Loading library /usr/lib/x86_64-linux-gnu/OGRE-Next/RenderSystem_GL3Plus.so
21:55:44: Installing plugin: GL 3+ RenderSystem
21:55:44: OpenGL 3+ Rendering Subsystem created.
21:55:44: Found Num EGL Devices: 1
21:55:44: EGL Device: EGL_NV_device_cuda EGL_EXT_device_drm EGL_EXT_device_drm_render_node EGL_EXT_device_query_name EGL_EXT_device_persistent_id #0 /dev/dri/card2
21:55:44: Trying to init device: EGL_NV_device_cuda EGL_EXT_device_drm EGL_EXT_device_drm_render_node EGL_EXT_device_query_name EGL_EXT_device_persistent_id #0 /dev/dri/card2...
21:55:44: Created GL 4.5 context for device EGL_NV_device_cuda EGL_EXT_device_drm EGL_EXT_device_drm_render_node EGL_EXT_device_query_name EGL_EXT_device_persistent_id #0 /dev/dri/card2
21:55:44: Destroying device: EGL_NV_device_cuda EGL_EXT_device_drm EGL_EXT_device_drm_render_node EGL_EXT_device_query_name EGL_EXT_device_persistent_id #0 /dev/dri/card2...
21:55:44: Plugin successfully installed
21:55:44: Loading library /usr/lib/x86_64-linux-gnu/OGRE-Next/Plugin_ParticleFX.so
21:55:44: Installing plugin: ParticleFX
21:55:44: Particle Emitter Type 'Point' registered
21:55:44: Particle Emitter Type 'Box' registered
21:55:44: Particle Emitter Type 'Ellipsoid' registered
21:55:44: Particle Emitter Type 'Cylinder' registered
21:55:44: Particle Emitter Type 'Ring' registered
21:55:44: Particle Emitter Type 'HollowEllipsoid' registered
21:55:44: Particle Affector Type 'LinearForce' registered
21:55:44: Particle Affector Type 'ColourFader' registered
21:55:44: Particle Affector Type 'ColourFader2' registered
21:55:44: Particle Affector Type 'ColourImage' registered
21:55:44: Particle Affector Type 'ColourInterpolator' registered
21:55:44: Particle Affector Type 'Scaler' registered
21:55:44: Particle Affector Type 'Rotator' registered
21:55:44: Particle Affector Type 'DirectionRandomiser' registered
21:55:44: Particle Affector Type 'DeflectorPlane' registered
21:55:44: Plugin successfully installed
21:55:44: CPU Identifier & Features
21:55:44: -------------------------
21:55:44:  *   CPU ID: GenuineIntel: Intel(R) Core(TM) i7-14650HX
21:55:44:  *   Logical cores: 24
21:55:44:  *      SSE: yes
21:55:44:  *     SSE2: yes
21:55:44:  *     SSE3: yes
21:55:44:  *      MMX: yes
21:55:44:  *   MMXEXT: yes
21:55:44:  *    3DNOW: no
21:55:44:  * 3DNOWEXT: no
21:55:44:  *     CMOV: yes
21:55:44:  *      TSC: yes
21:55:44:  *      FPU: yes
21:55:44:  *      PRO: yes
21:55:44:  *       HT: no
21:55:44: -------------------------
21:55:44: ******************************
*** Starting GLX Subsystem ***
******************************
21:55:44: GL3PlusRenderSystem::_createRenderWindow "OgreWindow(0)_0", 1x1 windowed  miscParams: FSAA=0 border=none contentScalingFactor=1.000000 currentGLContext=true externalGLControl=true gamma=Yes parentWindowHandle=69206050 stereoMode=Frame Sequential 
21:55:44: GLXWindow::create used FBConfigID = 267
21:55:44: GL Version = 4.6.0.0
21:55:44: GL_VERSION = 4.6.0 NVIDIA 590.48.01
21:55:44: GL_VENDOR = NVIDIA Corporation
21:55:44: GL_RENDERER = NVIDIA GeForce RTX 5070 Laptop GPU/PCIe/SSE2
21:55:44: GL_EXTENSIONS = 
21:55:44: GL_AMD_multi_draw_indirect
21:55:44: GL_AMD_seamless_cubemap_per_texture
21:55:44: GL_AMD_vertex_shader_viewport_index
21:55:44: GL_AMD_vertex_shader_layer
21:55:44: GL_ARB_arrays_of_arrays
21:55:44: GL_ARB_base_instance
21:55:44: GL_ARB_bindless_texture
21:55:44: GL_ARB_blend_func_extended
21:55:44: GL_ARB_buffer_storage
21:55:44: GL_ARB_clear_buffer_object
21:55:44: GL_ARB_clear_texture
21:55:44: GL_ARB_clip_control
21:55:44: GL_ARB_color_buffer_float
21:55:44: GL_ARB_compatibility
21:55:44: GL_ARB_compressed_texture_pixel_storage
21:55:44: GL_ARB_conservative_depth
21:55:44: GL_ARB_compute_shader
21:55:44: GL_ARB_compute_variable_group_size
21:55:44: GL_ARB_conditional_render_inverted
21:55:44: GL_ARB_copy_buffer
21:55:44: GL_ARB_copy_image
21:55:44: GL_ARB_cull_distance
21:55:44: GL_ARB_debug_output
21:55:44: GL_ARB_depth_buffer_float
21:55:44: GL_ARB_depth_clamp
21:55:44: GL_ARB_depth_texture
21:55:44: GL_ARB_derivative_control
21:55:44: GL_ARB_direct_state_access
21:55:44: GL_ARB_draw_buffers
21:55:44: GL_ARB_draw_buffers_blend
21:55:44: GL_ARB_draw_indirect
21:55:44: GL_ARB_draw_elements_base_vertex
21:55:44: GL_ARB_draw_instanced
21:55:44: GL_ARB_enhanced_layouts
21:55:44: GL_ARB_ES2_compatibility
21:55:44: GL_ARB_ES3_compatibility
21:55:44: GL_ARB_ES3_1_compatibility
21:55:44: GL_ARB_ES3_2_compatibility
21:55:44: GL_ARB_explicit_attrib_location
21:55:44: GL_ARB_explicit_uniform_location
21:55:44: GL_ARB_fragment_coord_conventions
21:55:44: GL_ARB_fragment_layer_viewport
21:55:44: GL_ARB_fragment_program
21:55:44: GL_ARB_fragment_program_shadow
21:55:44: GL_ARB_fragment_shader
21:55:44: GL_ARB_fragment_shader_interlock
21:55:44: GL_ARB_framebuffer_no_attachments
21:55:44: GL_ARB_framebuffer_object
21:55:44: GL_ARB_framebuffer_sRGB
21:55:44: GL_ARB_geometry_shader4
21:55:44: GL_ARB_get_program_binary
21:55:44: GL_ARB_get_texture_sub_image
21:55:44: GL_ARB_gl_spirv
21:55:44: GL_ARB_gpu_shader5
21:55:44: GL_ARB_gpu_shader_fp64
21:55:44: GL_ARB_gpu_shader_int64
21:55:44: GL_ARB_half_float_pixel
21:55:44: GL_ARB_half_float_vertex
21:55:44: GL_ARB_imaging
21:55:44: GL_ARB_indirect_parameters
21:55:44: GL_ARB_instanced_arrays
21:55:44: GL_ARB_internalformat_query
21:55:44: GL_ARB_internalformat_query2
21:55:44: GL_ARB_invalidate_subdata
21:55:44: GL_ARB_map_buffer_alignment
21:55:44: GL_ARB_map_buffer_range
21:55:44: GL_ARB_multi_bind
21:55:44: GL_ARB_multi_draw_indirect
21:55:44: GL_ARB_multisample
21:55:44: GL_ARB_multitexture
21:55:44: GL_ARB_occlusion_query
21:55:44: GL_ARB_occlusion_query2
21:55:44: GL_ARB_parallel_shader_compile
21:55:44: GL_ARB_pipeline_statistics_query
21:55:44: GL_ARB_pixel_buffer_object
21:55:44: GL_ARB_point_parameters
21:55:44: GL_ARB_point_sprite
21:55:44: GL_ARB_polygon_offset_clamp
21:55:44: GL_ARB_post_depth_coverage
21:55:44: GL_ARB_program_interface_query
21:55:44: GL_ARB_provoking_vertex
21:55:44: GL_ARB_query_buffer_object
21:55:44: GL_ARB_robust_buffer_access_behavior
21:55:44: GL_ARB_robustness
21:55:44: GL_ARB_sample_locations
21:55:44: GL_ARB_sample_shading
21:55:44: GL_ARB_sampler_objects
21:55:44: GL_ARB_seamless_cube_map
21:55:44: GL_ARB_seamless_cubemap_per_texture
21:55:44: GL_ARB_separate_shader_objects
21:55:44: GL_ARB_shader_atomic_counter_ops
21:55:44: GL_ARB_shader_atomic_counters
21:55:44: GL_ARB_shader_ballot
21:55:44: GL_ARB_shader_bit_encoding
21:55:44: GL_ARB_shader_clock
21:55:44: GL_ARB_shader_draw_parameters
21:55:44: GL_ARB_shader_group_vote
21:55:44: GL_ARB_shader_image_load_store
21:55:44: GL_ARB_shader_image_size
21:55:44: GL_ARB_shader_objects
21:55:44: GL_ARB_shader_precision
21:55:44: GL_ARB_shader_storage_buffer_object
21:55:44: GL_ARB_shader_subroutine
21:55:44: GL_ARB_shader_texture_image_samples
21:55:44: GL_ARB_shader_texture_lod
21:55:44: GL_ARB_shading_language_100
21:55:44: GL_ARB_shader_viewport_layer_array
21:55:44: GL_ARB_shading_language_420pack
21:55:44: GL_ARB_shading_language_include
21:55:44: GL_ARB_shading_language_packing
21:55:44: GL_ARB_shadow
21:55:44: GL_ARB_sparse_buffer
21:55:44: GL_ARB_sparse_texture
21:55:44: GL_ARB_sparse_texture2
21:55:44: GL_ARB_sparse_texture_clamp
21:55:44: GL_ARB_spirv_extensions
21:55:44: GL_ARB_stencil_texturing
21:55:44: GL_ARB_sync
21:55:44: GL_ARB_tessellation_shader
21:55:44: GL_ARB_texture_barrier
21:55:44: GL_ARB_texture_border_clamp
21:55:44: GL_ARB_texture_buffer_object
21:55:44: GL_ARB_texture_buffer_object_rgb32
21:55:44: GL_ARB_texture_buffer_range
21:55:44: GL_ARB_texture_compression
21:55:44: GL_ARB_texture_compression_bptc
21:55:44: GL_ARB_texture_compression_rgtc
21:55:44: GL_ARB_texture_cube_map
21:55:44: GL_ARB_texture_cube_map_array
21:55:44: GL_ARB_texture_env_add
21:55:44: GL_ARB_texture_env_combine
21:55:44: GL_ARB_texture_env_crossbar
21:55:44: GL_ARB_texture_env_dot3
21:55:44: GL_ARB_texture_filter_anisotropic
21:55:44: GL_ARB_texture_filter_minmax
21:55:44: GL_ARB_texture_float
21:55:44: GL_ARB_texture_gather
21:55:44: GL_ARB_texture_mirror_clamp_to_edge
21:55:44: GL_ARB_texture_mirrored_repeat
21:55:44: GL_ARB_texture_multisample
21:55:44: GL_ARB_texture_non_power_of_two
21:55:44: GL_ARB_texture_query_levels
21:55:44: GL_ARB_texture_query_lod
21:55:44: GL_ARB_texture_rectangle
21:55:44: GL_ARB_texture_rg
21:55:44: GL_ARB_texture_rgb10_a2ui
21:55:44: GL_ARB_texture_stencil8
21:55:44: GL_ARB_texture_storage
21:55:44: GL_ARB_texture_storage_multisample
21:55:44: GL_ARB_texture_swizzle
21:55:44: GL_ARB_texture_view
21:55:44: GL_ARB_timer_query
21:55:44: GL_ARB_transform_feedback2
21:55:44: GL_ARB_transform_feedback3
21:55:44: GL_ARB_transform_feedback_instanced
21:55:44: GL_ARB_transform_feedback_overflow_query
21:55:44: GL_ARB_transpose_matrix
21:55:44: GL_ARB_uniform_buffer_object
21:55:44: GL_ARB_vertex_array_bgra
21:55:44: GL_ARB_vertex_array_object
21:55:44: GL_ARB_vertex_attrib_64bit
21:55:44: GL_ARB_vertex_attrib_binding
21:55:44: GL_ARB_vertex_buffer_object
21:55:44: GL_ARB_vertex_program
21:55:44: GL_ARB_vertex_shader
21:55:44: GL_ARB_vertex_type_10f_11f_11f_rev
21:55:44: GL_ARB_vertex_type_2_10_10_10_rev
21:55:44: GL_ARB_viewport_array
21:55:44: GL_ARB_window_pos
21:55:44: GL_ATI_draw_buffers
21:55:44: GL_ATI_texture_float
21:55:44: GL_ATI_texture_mirror_once
21:55:44: GL_S3_s3tc
21:55:44: GL_EXT_texture_env_add
21:55:44: GL_EXT_abgr
21:55:44: GL_EXT_bgra
21:55:44: GL_EXT_bindable_uniform
21:55:44: GL_EXT_blend_color
21:55:44: GL_EXT_blend_equation_separate
21:55:44: GL_EXT_blend_func_separate
21:55:44: GL_EXT_blend_minmax
21:55:44: GL_EXT_blend_subtract
21:55:44: GL_EXT_compiled_vertex_array
21:55:44: GL_EXT_Cg_shader
21:55:44: GL_EXT_depth_bounds_test
21:55:44: GL_EXT_direct_state_access
21:55:44: GL_EXT_draw_buffers2
21:55:44: GL_EXT_draw_instanced
21:55:44: GL_EXT_draw_range_elements
21:55:44: GL_EXT_fog_coord
21:55:44: GL_EXT_framebuffer_blit
21:55:44: GL_EXT_framebuffer_multisample
21:55:44: GL_EXTX_framebuffer_mixed_formats
21:55:44: GL_EXT_framebuffer_multisample_blit_scaled
21:55:44: GL_EXT_framebuffer_object
21:55:44: GL_EXT_framebuffer_sRGB
21:55:44: GL_EXT_geometry_shader4
21:55:44: GL_EXT_gpu_program_parameters
21:55:44: GL_EXT_gpu_shader4
21:55:44: GL_EXT_multi_draw_arrays
21:55:44: GL_EXT_multiview_texture_multisample
21:55:44: GL_EXT_multiview_timer_query
21:55:44: GL_EXT_packed_depth_stencil
21:55:44: GL_EXT_packed_float
21:55:44: GL_EXT_packed_pixels
21:55:44: GL_EXT_pixel_buffer_object
21:55:44: GL_EXT_point_parameters
21:55:44: GL_EXT_polygon_offset_clamp
21:55:44: GL_EXT_post_depth_coverage
21:55:44: GL_EXT_provoking_vertex
21:55:44: GL_EXT_raster_multisample
21:55:44: GL_EXT_rescale_normal
21:55:44: GL_EXT_secondary_color
21:55:44: GL_EXT_separate_shader_objects
21:55:44: GL_EXT_separate_specular_color
21:55:44: GL_EXT_shader_image_load_formatted
21:55:44: GL_EXT_shader_image_load_store
21:55:44: GL_EXT_shader_integer_mix
21:55:44: GL_EXT_shadow_funcs
21:55:44: GL_EXT_sparse_texture2
21:55:44: GL_EXT_stencil_two_side
21:55:44: GL_EXT_stencil_wrap
21:55:44: GL_EXT_texture3D
21:55:44: GL_EXT_texture_array
21:55:44: GL_EXT_texture_buffer_object
21:55:44: GL_EXT_texture_compression_dxt1
21:55:44: GL_EXT_texture_compression_latc
21:55:44: GL_EXT_texture_compression_rgtc
21:55:44: GL_EXT_texture_compression_s3tc
21:55:44: GL_EXT_texture_cube_map
21:55:44: GL_EXT_texture_edge_clamp
21:55:44: GL_EXT_texture_env_combine
21:55:44: GL_EXT_texture_env_dot3
21:55:44: GL_EXT_texture_filter_anisotropic
21:55:44: GL_EXT_texture_filter_minmax
21:55:44: GL_EXT_texture_integer
21:55:44: GL_EXT_texture_lod
21:55:44: GL_EXT_texture_lod_bias
21:55:44: GL_EXT_texture_mirror_clamp
21:55:44: GL_EXT_texture_object
21:55:44: GL_EXT_texture_shadow_lod
21:55:44: GL_EXT_texture_shared_exponent
21:55:44: GL_EXT_texture_sRGB
21:55:44: GL_EXT_texture_sRGB_R8
21:55:44: GL_EXT_texture_sRGB_decode
21:55:44: GL_EXT_texture_storage
21:55:44: GL_EXT_texture_swizzle
21:55:44: GL_EXT_timer_query
21:55:44: GL_EXT_transform_feedback2
21:55:44: GL_EXT_vertex_array
21:55:44: GL_EXT_vertex_array_bgra
21:55:44: GL_EXT_vertex_attrib_64bit
21:55:44: GL_EXT_window_rectangles
21:55:44: GL_EXT_x11_sync_object
21:55:44: GL_EXT_import_sync_object
21:55:44: GL_NV_robustness_video_memory_purge
21:55:44: GL_IBM_rasterpos_clip
21:55:44: GL_IBM_texture_mirrored_repeat
21:55:44: GL_KHR_context_flush_control
21:55:44: GL_KHR_debug
21:55:44: GL_EXT_memory_object
21:55:44: GL_EXT_memory_object_fd
21:55:44: GL_NV_memory_object_sparse
21:55:44: GL_KHR_parallel_shader_compile
21:55:44: GL_KHR_no_error
21:55:44: GL_KHR_robust_buffer_access_behavior
21:55:44: GL_KHR_robustness
21:55:44: GL_EXT_semaphore
21:55:44: GL_EXT_semaphore_fd
21:55:44: GL_NV_timeline_semaphore
21:55:44: GL_KHR_shader_subgroup
21:55:44: GL_KTX_buffer_region
21:55:44: GL_NV_alpha_to_coverage_dither_control
21:55:44: GL_NV_bindless_multi_draw_indirect
21:55:44: GL_NV_bindless_multi_draw_indirect_count
21:55:44: GL_NV_bindless_texture
21:55:44: GL_NV_blend_equation_advanced
21:55:44: GL_NV_blend_equation_advanced_coherent
21:55:44: GL_NVX_blend_equation_advanced_multi_draw_buffers
21:55:44: GL_NV_blend_minmax_factor
21:55:44: GL_NV_blend_square
21:55:44: GL_NV_clip_space_w_scaling
21:55:44: GL_NV_command_list
21:55:44: GL_NV_compute_program5
21:55:44: GL_NV_compute_shader_derivatives
21:55:44: GL_NV_conditional_render
21:55:44: GL_NV_conservative_raster
21:55:44: GL_NV_conservative_raster_dilate
21:55:44: GL_NV_conservative_raster_pre_snap
21:55:44: GL_NV_conservative_raster_pre_snap_triangles
21:55:44: GL_NV_conservative_raster_underestimation
21:55:44: GL_NV_copy_depth_to_color
21:55:44: GL_NV_copy_image
21:55:44: GL_NV_depth_buffer_float
21:55:44: GL_NV_depth_clamp
21:55:44: GL_NV_draw_texture
21:55:44: GL_NV_draw_vulkan_image
21:55:44: GL_NV_ES1_1_compatibility
21:55:44: GL_NV_ES3_1_compatibility
21:55:44: GL_NV_explicit_multisample
21:55:44: GL_NV_feature_query
21:55:44: GL_NV_fence
21:55:44: GL_NV_fill_rectangle
21:55:44: GL_NV_float_buffer
21:55:44: GL_NV_fog_distance
21:55:44: GL_NV_fragment_coverage_to_color
21:55:44: GL_NV_fragment_program
21:55:44: GL_NV_fragment_program_option
21:55:44: GL_NV_fragment_program2
21:55:44: GL_NV_fragment_shader_barycentric
21:55:44: GL_NV_fragment_shader_interlock
21:55:44: GL_NV_framebuffer_mixed_samples
21:55:44: GL_NV_framebuffer_multisample_coverage
21:55:44: GL_NV_geometry_shader4
21:55:44: GL_NV_geometry_shader_passthrough
21:55:44: GL_NV_gpu_program4
21:55:44: GL_NV_internalformat_sample_query
21:55:44: GL_NV_gpu_program4_1
21:55:44: GL_NV_gpu_program5
21:55:44: GL_NV_gpu_program5_mem_extended
21:55:44: GL_NV_gpu_program_fp64
21:55:44: GL_NV_gpu_program_multiview
21:55:44: GL_NV_gpu_shader5
21:55:44: GL_NV_half_float
21:55:44: GL_NV_light_max_exponent
21:55:44: GL_NV_memory_attachment
21:55:44: GL_NV_mesh_shader
21:55:44: GL_NV_multisample_coverage
21:55:44: GL_NV_multisample_filter_hint
21:55:44: GL_NV_occlusion_query
21:55:44: GL_NV_packed_depth_stencil
21:55:44: GL_NV_parameter_buffer_object
21:55:44: GL_NV_parameter_buffer_object2
21:55:44: GL_NV_path_rendering
21:55:44: GL_NV_path_rendering_shared_edge
21:55:44: GL_NV_pixel_data_range
21:55:44: GL_NV_point_sprite
21:55:44: GL_NV_primitive_restart
21:55:44: GL_NV_primitive_shading_rate
21:55:44: GL_NV_query_resource
21:55:44: GL_NV_query_resource_tag
21:55:44: GL_NV_register_combiners
21:55:44: GL_NV_register_combiners2
21:55:44: GL_NV_representative_fragment_test
21:55:44: GL_NV_sample_locations
21:55:44: GL_NV_sample_mask_override_coverage
21:55:44: GL_NV_scissor_exclusive
21:55:44: GL_NV_shader_atomic_counters
21:55:44: GL_NV_shader_atomic_float
21:55:44: GL_NV_shader_atomic_float64
21:55:44: GL_NV_shader_atomic_fp16_vector
21:55:44: GL_NV_shader_atomic_int64
21:55:44: GL_NV_shader_buffer_load
21:55:44: GL_NV_shader_storage_buffer_object
21:55:44: GL_NV_shader_subgroup_partitioned
21:55:44: GL_NV_shader_texture_footprint
21:55:44: GL_NV_shading_rate_image
21:55:44: GL_NV_stereo_view_rendering
21:55:44: GL_NV_texgen_reflection
21:55:44: GL_NV_texture_barrier
21:55:44: GL_NV_texture_compression_vtc
21:55:44: GL_NV_texture_dirty_tile_map
21:55:44: GL_NV_texture_env_combine4
21:55:44: GL_NV_texture_multisample
21:55:44: GL_NV_texture_rectangle
21:55:44: GL_NV_texture_rectangle_compressed
21:55:44: GL_NV_texture_shader
21:55:44: GL_NV_texture_shader2
21:55:44: GL_NV_texture_shader3
21:55:44: GL_NV_transform_feedback
21:55:44: GL_NV_transform_feedback2
21:55:44: GL_NV_uniform_buffer_unified_memory
21:55:44: GL_NV_uniform_buffer_std430_layout
21:55:44: GL_NV_vdpau_interop
21:55:44: GL_NV_vdpau_interop2
21:55:44: GL_NV_vertex_array_range
21:55:44: GL_NV_vertex_array_range2
21:55:44: GL_NV_vertex_attrib_integer_64bit
21:55:44: GL_NV_vertex_buffer_unified_memory
21:55:44: GL_NV_vertex_program
21:55:44: GL_NV_vertex_program1_1
21:55:44: GL_NV_vertex_program2
21:55:44: GL_NV_vertex_program2_option
21:55:44: GL_NV_vertex_program3
21:55:44: GL_NV_viewport_array2
21:55:44: GL_NV_viewport_swizzle
21:55:44: GL_NVX_conditional_render
21:55:44: GL_NV_gpu_multicast
21:55:44: GL_NVX_progress_fence
21:55:44: GL_NVX_gpu_memory_info
21:55:44: GL_NVX_nvenc_interop
21:55:44: GL_NV_shader_thread_group
21:55:44: GL_NV_shader_thread_shuffle
21:55:44: GL_KHR_blend_equation_advanced
21:55:44: GL_KHR_blend_equation_advanced_coherent
21:55:44: GL_OVR_multiview
21:55:44: GL_OVR_multiview2
21:55:44: GL_SGIS_generate_mipmap
21:55:44: GL_SGIS_texture_lod
21:55:44: GL_SGIX_depth_texture
21:55:44: GL_SGIX_shadow
21:55:44: GL_SUN_slice_accum
21:55:44: **************************************
21:55:44: ***   OpenGL 3+ Renderer Started   ***
21:55:44: **************************************
21:55:44: Registering ResourceManager for type GpuProgram
21:55:44: RenderSystem capabilities
21:55:44: -------------------------
21:55:44: RenderSystem Name: OpenGL 3+ Rendering Subsystem
21:55:44: GPU Vendor: nvidia
21:55:44: Device Name: NVIDIA GeForce RTX 5070 Laptop GPU/PCIe/SSE2
21:55:44: Driver Version: 4.6.0.0
21:55:44:  * Fixed function pipeline: no
21:55:44:  * Hardware generation of mipmaps: yes
21:55:44:  * Texture blending: yes
21:55:44:  * Anisotropic texture filtering: yes
21:55:44:  * Dot product texture operation: yes
21:55:44:  * Cube mapping: yes
21:55:44:  * Hardware stencil buffer: yes
21:55:44:    - Stencil depth: 8
21:55:44:    - Two sided stencil support: yes
21:55:44:    - Wrap stencil values: yes
21:55:44:  * Hardware vertex / index buffers: yes
21:55:44:  * 32-bit index buffers: yes
21:55:44:  * Vertex programs: yes
21:55:44:  * Number of floating-point constants for vertex programs: 4096
21:55:44:  * Number of integer constants for vertex programs: 4096
21:55:44:  * Number of boolean constants for vertex programs: 4096
21:55:44:  * Fragment programs: yes
21:55:44:  * Number of floating-point constants for fragment programs: 4096
21:55:44:  * Number of integer constants for fragment programs: 4096
21:55:44:  * Number of boolean constants for fragment programs: 4096
21:55:44:  * Geometry programs: yes
21:55:44:  * Number of floating-point constants for geometry programs: 2048
21:55:44:  * Number of integer constants for geometry programs: 2048
21:55:44:  * Number of boolean constants for geometry programs: 2048
21:55:44:  * Tessellation Hull programs: yes
21:55:44:  * Number of floating-point constants for tessellation hull programs: 2048
21:55:44:  * Number of integer constants for tessellation hull programs: 2048
21:55:44:  * Number of boolean constants for tessellation hull programs: 2048
21:55:44:  * Tessellation Domain programs: yes
21:55:44:  * Number of floating-point constants for tessellation domain programs: 2048
21:55:44:  * Number of integer constants for tessellation domain programs: 2048
21:55:44:  * Number of boolean constants for tessellation domain programs: 2048
21:55:44:  * Compute programs: yes
21:55:44:  * Number of floating-point constants for compute programs: 2048
21:55:44:  * Number of integer constants for compute programs: 2048
21:55:44:  * Number of boolean constants for compute programs: 2048
21:55:44:  * Supported Shader Profiles: glsl glsl130 glsl140 glsl150 glsl330 glsl400 glsl410 glsl420 glsl430 glsl440
21:55:44:  * Texture Compression: yes
21:55:44:    - DXT: yes
21:55:44:    - VTC: yes
21:55:44:    - PVRTC: no
21:55:44:    - ATC: no
21:55:44:    - ETC1: no
21:55:44:    - ETC2: yes
21:55:44:    - BC4/BC5: yes
21:55:44:    - BC6H/BC7: yes
21:55:44:    - ASTC: no
21:55:44:  * Hardware Occlusion Query: yes
21:55:44:  * User clip planes: yes
21:55:44:  * VET_UBYTE4 vertex element type: yes
21:55:44:  * Infinite far plane projection: yes
21:55:44:  * Hardware render-to-texture: yes
21:55:44:  * Floating point textures: yes
21:55:44:  * Non-power-of-two textures: yes
21:55:44:  * 1d textures: yes
21:55:44:  * Volume textures: yes
21:55:44:  * Max Texture resolution (2D) 32768
21:55:44:  * Max Texture resolution (3D) 16384
21:55:44:  * Max Texture resolution (Cubemaps) 32768
21:55:44:  * Multiple Render Targets: 8
21:55:44:    - With different bit depths: yes
21:55:44:  * Point Sprites: yes
21:55:44:  * Extended point parameters: yes
21:55:44:  * Max Point Size: 189.875
21:55:44:  * Vertex texture fetch: yes
21:55:44:  * Number of world matrices: 0
21:55:44:  * Number of texture units: 16
21:55:44:  * Stencil buffer depth: 8
21:55:44:  * Number of vertex blend matrices: 0
21:55:44:    - Max vertex textures: 32
21:55:44:    - Vertex textures shared: yes
21:55:44:  * Render to Vertex Buffer : yes
21:55:44:  * Hardware Atomic Counters: yes
21:55:44:  * Compute max threads per threadgroup per axis: 1024, 1024, 64
21:55:44:  * Compute max threads per threadgroup total: 1024
21:55:44:  * GL 1.5 without VBO workaround: no
21:55:44:  * Frame Buffer objects: yes
21:55:44:  * Frame Buffer objects (ARB extension): no
21:55:44:  * Frame Buffer objects (ATI extension): no
21:55:44:  * PBuffer support: no
21:55:44:  * GL 1.5 without HW-occlusion workaround: no
21:55:44:  * Vertex Array Objects: yes
21:55:44:  * Separate shader objects: no
21:55:44:  * Using Reverse Z: yes
21:55:44: DefaultWorkQueue('Root') initialising on thread main.
21:55:44: Particle Renderer Type 'billboard' registered
21:55:44: Added resource location '/usr/share/ignition/ignition-rendering6/ogre2/media/2.0/scripts/Compositors' of type 'FileSystem' to resource group 'General'
21:55:44: Added resource location '/usr/share/ignition/ignition-rendering6/ogre2/media/2.0/scripts/materials/Common' of type 'FileSystem' to resource group 'General'
21:55:44: Added resource location '/usr/share/ignition/ignition-rendering6/ogre2/media/2.0/scripts/materials/Common/GLSL' of type 'FileSystem' to resource group 'General'
21:55:44: Added resource location '/usr/share/ignition/ignition-rendering6/ogre2/media/2.0/scripts/materials/Common/GLSLES' of type 'FileSystem' to resource group 'General'
21:55:44: Added resource location '/usr/share/ignition/ignition-rendering6/ogre2/media/2.0/scripts/materials/Terra' of type 'FileSystem' to resource group 'General'
21:55:44: Added resource location '/usr/share/ignition/ignition-rendering6/ogre2/media/2.0/scripts/materials/Terra/GLSL' of type 'FileSystem' to resource group 'General'
21:55:44: Added resource location '/usr/share/ignition/ignition-rendering6/ogre2/media' of type 'FileSystem' to resource group 'General'
21:55:44: Added resource location '/usr/share/ignition/ignition-rendering6/ogre2/media/materials/programs' of type 'FileSystem' to resource group 'General'
21:55:44: Added resource location '/usr/share/ignition/ignition-rendering6/ogre2/media/materials/programs/GLSL' of type 'FileSystem' to resource group 'General'
21:55:44: Added resource location '/usr/share/ignition/ignition-rendering6/ogre2/media/materials/programs/Metal' of type 'FileSystem' to resource group 'General'
21:55:44: Added resource location '/usr/share/ignition/ignition-rendering6/ogre2/media/materials/scripts' of type 'FileSystem' to resource group 'General'
21:55:44: Added resource location '/usr/share/ignition/ignition-rendering6/ogre2/media/materials/textures' of type 'FileSystem' to resource group 'General'
21:55:44: Parsing scripts for resource group Autodetect
21:55:44: Finished parsing scripts for resource group Autodetect
21:55:44: Creating resources for group Autodetect
21:55:44: All done
21:55:44: Parsing scripts for resource group General
21:55:44: Parsing script Quad.program
21:55:44: Parsing script EsmGaussianBlurLogFilter.material
21:55:44: Parsing script DPSM.material
21:55:44: Parsing script DepthUtils.material
21:55:44: Parsing script Copyback.material
21:55:44: Parsing script GpuNormalMapper.material
21:55:44: Parsing script thermal.material
21:55:44: Parsing script skybox.material
21:55:44: Parsing script depth_camera.material
21:55:44: Parsing script point_cloud_point.material
21:55:44: Parsing script selection_buffer.material
21:55:44: Parsing script gaussian_noise.material
21:55:44: Parsing script picker.material
21:55:44: Parsing script gpu_rays.material
21:55:44: Parsing script GpuNormalMapper.compositor
21:55:44: Parsing script TerraShadowGenerator.compositor
21:55:44: Parsing script Mipmaps.material.json
21:55:44: Parsing script EsmGaussianBlurLogFilter.material.json
21:55:44: Parsing script TerraShadowGenerator.material.json
21:55:44: Finished parsing scripts for resource group General
21:55:44: Creating resources for group General
21:55:44: All done
21:55:44: Parsing scripts for resource group Internal
21:55:44: Finished parsing scripts for resource group Internal
21:55:44: Creating resources for group Internal
21:55:44: All done
21:55:44: Added resource location '/usr/share/ignition/ignition-rendering6/media/materials/textures/' of type 'FileSystem' to resource group 'General'
21:55:44: Can't assign material scene::Material(65494) because this Material does not exist. Have you forgotten to define it in a .material script?
21:55:44: Can't assign material scene::Material(65488) because this Material does not exist. Have you forgotten to define it in a .material script?
21:55:44: OGRE EXCEPTION(5:ItemIdentityException): Cannot locate an appropriate 2D texture coordinate set for all the vertex data in this mesh to create tangents from.  in Mesh::suggestTangentVectorBuildParams at /build/ogre-next-UFfg83/ogre-next-2.2.5+dfsg3/OgreMain/src/OgreMesh.cpp (line 1881)
21:55:44: Can't assign material scene::Material(65482) because this Material does not exist. Have you forgotten to define it in a .material script?
21:55:44: OGRE EXCEPTION(5:ItemIdentityException): Cannot locate an appropriate 2D texture coordinate set for all the vertex data in this mesh to create tangents from.  in Mesh::suggestTangentVectorBuildParams at /build/ogre-next-UFfg83/ogre-next-2.2.5+dfsg3/OgreMain/src/OgreMesh.cpp (line 1881)
21:55:44: Can't assign material scene::Material(65476) because this Material does not exist. Have you forgotten to define it in a .material script?
21:55:44: Can't assign material scene::Material(65476) because this Material does not exist. Have you forgotten to define it in a .material script?
21:55:44: OGRE EXCEPTION(5:ItemIdentityException): Cannot locate an appropriate 2D texture coordinate set for all the vertex data in this mesh to create tangents from.  in Mesh::suggestTangentVectorBuildParams at /build/ogre-next-UFfg83/ogre-next-2.2.5+dfsg3/OgreMain/src/OgreMesh.cpp (line 1881)
21:55:44: Can't assign material scene::Material(65465) because this Material does not exist. Have you forgotten to define it in a .material script?
21:55:44: Can't assign material scene::Material(65476) because this Material does not exist. Have you forgotten to define it in a .material script?
21:55:44: OGRE EXCEPTION(5:ItemIdentityException): Cannot locate an appropriate 2D texture coordinate set for all the vertex data in this mesh to create tangents from.  in Mesh::suggestTangentVectorBuildParams at /build/ogre-next-UFfg83/ogre-next-2.2.5+dfsg3/OgreMain/src/OgreMesh.cpp (line 1881)
21:55:44: Can't assign material scene::Material(65454) because this Material does not exist. Have you forgotten to define it in a .material script?
21:55:44: Can't assign material scene::Material(65476) because this Material does not exist. Have you forgotten to define it in a .material script?
21:55:44: OGRE EXCEPTION(5:ItemIdentityException): Cannot locate an appropriate 2D texture coordinate set for all the vertex data in this mesh to create tangents from.  in Mesh::suggestTangentVectorBuildParams at /build/ogre-next-UFfg83/ogre-next-2.2.5+dfsg3/OgreMain/src/OgreMesh.cpp (line 1881)
21:55:44: Can't assign material scene::Material(65443) because this Material does not exist. Have you forgotten to define it in a .material script?
21:55:44: OGRE EXCEPTION(5:ItemIdentityException): Cannot locate an appropriate 2D texture coordinate set for all the vertex data in this mesh to create tangents from.  in Mesh::suggestTangentVectorBuildParams at /build/ogre-next-UFfg83/ogre-next-2.2.5+dfsg3/OgreMain/src/OgreMesh.cpp (line 1881)
21:55:44: Can't assign material scene::Material(65437) because this Material does not exist. Have you forgotten to define it in a .material script?
21:55:44: OGRE EXCEPTION(5:ItemIdentityException): Cannot locate an appropriate 2D texture coordinate set for all the vertex data in this mesh to create tangents from.  in Mesh::suggestTangentVectorBuildParams at /build/ogre-next-UFfg83/ogre-next-2.2.5+dfsg3/OgreMain/src/OgreMesh.cpp (line 1881)
21:55:44: Can't assign material scene::Material(65431) because this Material does not exist. Have you forgotten to define it in a .material script?
21:55:44: OGRE EXCEPTION(5:ItemIdentityException): Cannot locate an appropriate 2D texture coordinate set for all the vertex data in this mesh to create tangents from.  in Mesh::suggestTangentVectorBuildParams at /build/ogre-next-UFfg83/ogre-next-2.2.5+dfsg3/OgreMain/src/OgreMesh.cpp (line 1881)
21:55:44: Can't assign material scene::Material(65425) because this Material does not exist. Have you forgotten to define it in a .material script?
21:55:44: OGRE EXCEPTION(5:ItemIdentityException): Cannot locate an appropriate 2D texture coordinate set for all the vertex data in this mesh to create tangents from.  in Mesh::suggestTangentVectorBuildParams at /build/ogre-next-UFfg83/ogre-next-2.2.5+dfsg3/OgreMain/src/OgreMesh.cpp (line 1881)
21:55:44: Can't assign material scene::Material(65419) because this Material does not exist. Have you forgotten to define it in a .material script?
21:55:44: OGRE EXCEPTION(5:ItemIdentityException): Cannot locate an appropriate 2D texture coordinate set for all the vertex data in this mesh to create tangents from.  in Mesh::suggestTangentVectorBuildParams at /build/ogre-next-UFfg83/ogre-next-2.2.5+dfsg3/OgreMain/src/OgreMesh.cpp (line 1881)
21:55:44: Can't assign material scene::Material(65413) because this Material does not exist. Have you forgotten to define it in a .material script?
21:55:44: OGRE EXCEPTION(5:ItemIdentityException): Cannot locate an appropriate 2D texture coordinate set for all the vertex data in this mesh to create tangents from.  in Mesh::suggestTangentVectorBuildParams at /build/ogre-next-UFfg83/ogre-next-2.2.5+dfsg3/OgreMain/src/OgreMesh.cpp (line 1881)
21:55:44: Can't assign material scene::Material(65407) because this Material does not exist. Have you forgotten to define it in a .material script?
21:55:44: Can't assign material scene::Material(65488) because this Material does not exist. Have you forgotten to define it in a .material script?
21:55:44: OGRE EXCEPTION(5:ItemIdentityException): Cannot locate an appropriate 2D texture coordinate set for all the vertex data in this mesh to create tangents from.  in Mesh::suggestTangentVectorBuildParams at /build/ogre-next-UFfg83/ogre-next-2.2.5+dfsg3/OgreMain/src/OgreMesh.cpp (line 1881)
21:55:44: Can't assign material scene::Material(65396) because this Material does not exist. Have you forgotten to define it in a .material script?
21:55:44: Can't assign material scene::Material(65488) because this Material does not exist. Have you forgotten to define it in a .material script?
21:55:44: Can't assign material scene::Material(65488) because this Material does not exist. Have you forgotten to define it in a .material script?
21:55:44: Can't assign material scene::Material(65488) because this Material does not exist. Have you forgotten to define it in a .material script?
21:55:44: Can't assign material scene::Material(65488) because this Material does not exist. Have you forgotten to define it in a .material script?
21:55:44: Can't assign material scene::Material(65488) because this Material does not exist. Have you forgotten to define it in a .material script?
21:55:44: Can't assign material scene::Material(65488) because this Material does not exist. Have you forgotten to define it in a .material script?
21:55:44: Can't assign material scene::Material(65488) because this Material does not exist. Have you forgotten to define it in a .material script?
21:55:44: Can't assign material scene::Material(65488) because this Material does not exist. Have you forgotten to define it in a .material script?
21:55:44: Can't assign material scene::Material(65488) because this Material does not exist. Have you forgotten to define it in a .material script?
21:55:44: OGRE EXCEPTION(5:ItemIdentityException): Cannot locate an appropriate 2D texture coordinate set for all the vertex data in this mesh to create tangents from.  in Mesh::suggestTangentVectorBuildParams at /build/ogre-next-UFfg83/ogre-next-2.2.5+dfsg3/OgreMain/src/OgreMesh.cpp (line 1881)
21:55:44: Can't assign material scene::Material(65345) because this Material does not exist. Have you forgotten to define it in a .material script?
21:55:44: Can't assign material scene::Material(65488) because this Material does not exist. Have you forgotten to define it in a .material script?
21:55:44: Can't assign material scene::Material(65488) because this Material does not exist. Have you forgotten to define it in a .material script?
21:55:44: Can't assign material scene::Material(65488) because this Material does not exist. Have you forgotten to define it in a .material script?
21:55:44: Can't assign material scene::Material(65488) because this Material does not exist. Have you forgotten to define it in a .material script?
21:55:44: Can't assign material scene::Material(65488) because this Material does not exist. Have you forgotten to define it in a .material script?
21:55:44: Can't assign material scene::Material(65488) because this Material does not exist. Have you forgotten to define it in a .material script?
21:55:44: Can't assign material scene::Material(65488) because this Material does not exist. Have you forgotten to define it in a .material script?
21:55:44: Can't assign material scene::Material(65488) because this Material does not exist. Have you forgotten to define it in a .material script?
21:55:44: Can't assign material scene::Material(65488) because this Material does not exist. Have you forgotten to define it in a .material script?
21:55:44: OGRE EXCEPTION(5:ItemIdentityException): Cannot locate an appropriate 2D texture coordinate set for all the vertex data in this mesh to create tangents from.  in Mesh::suggestTangentVectorBuildParams at /build/ogre-next-UFfg83/ogre-next-2.2.5+dfsg3/OgreMain/src/OgreMesh.cpp (line 1881)
21:55:44: Can't assign material scene::Material(65294) because this Material does not exist. Have you forgotten to define it in a .material script?
21:55:44: OGRE EXCEPTION(5:ItemIdentityException): Cannot locate an appropriate 2D texture coordinate set for all the vertex data in this mesh to create tangents from.  in Mesh::suggestTangentVectorBuildParams at /build/ogre-next-UFfg83/ogre-next-2.2.5+dfsg3/OgreMain/src/OgreMesh.cpp (line 1881)
21:55:44: Can't assign material scene::Material(65288) because this Material does not exist. Have you forgotten to define it in a .material script?
21:55:44: Can't assign material scene::Material(65437) because this Material does not exist. Have you forgotten to define it in a .material script?
21:55:44: Can't assign material scene::Material(65443) because this Material does not exist. Have you forgotten to define it in a .material script?
21:55:44: WARNING: Deleting mapped buffer without having it unmapped. This is often sign of a resource leak or a bad pattern. Umapping the buffer for you...
21:55:44: WARNING: Deleting mapped buffer without having it unmapped. This is often sign of a resource leak or a bad pattern. Umapping the buffer for you...
21:55:44: WARNING: Deleting mapped buffer without having it unmapped. This is often sign of a resource leak or a bad pattern. Umapping the buffer for you...
21:55:44: WARNING: Deleting mapped buffer without having it unmapped. This is often sign of a resource leak or a bad pattern. Umapping the buffer for you...
21:55:52: Can't assign material scene::Material(65482) because this Material does not exist. Have you forgotten to define it in a .material script?
21:55:52: Can't assign material scene::Material(65476) because this Material does not exist. Have you forgotten to define it in a .material script?
21:55:52: Can't assign material scene::Material(65476) because this Material does not exist. Have you forgotten to define it in a .material script?
21:55:52: Can't assign material scene::Material(65465) because this Material does not exist. Have you forgotten to define it in a .material script?
21:55:52: Can't assign material scene::Material(65476) because this Material does not exist. Have you forgotten to define it in a .material script?
21:55:52: Can't assign material scene::Material(65454) because this Material does not exist. Have you forgotten to define it in a .material script?
21:55:52: Can't assign material scene::Material(65476) because this Material does not exist. Have you forgotten to define it in a .material script?
21:55:52: Can't assign material scene::Material(65443) because this Material does not exist. Have you forgotten to define it in a .material script?
21:55:52: Can't assign material scene::Material(65437) because this Material does not exist. Have you forgotten to define it in a .material script?
21:55:52: Can't assign material scene::Material(65431) because this Material does not exist. Have you forgotten to define it in a .material script?
21:55:52: Can't assign material scene::Material(65425) because this Material does not exist. Have you forgotten to define it in a .material script?
21:55:52: Can't assign material scene::Material(65419) because this Material does not exist. Have you forgotten to define it in a .material script?
21:55:52: Can't assign material scene::Material(65413) because this Material does not exist. Have you forgotten to define it in a .material script?
21:55:52: Can't assign material scene::Material(65407) because this Material does not exist. Have you forgotten to define it in a .material script?
21:55:52: Can't assign material scene::Material(65488) because this Material does not exist. Have you forgotten to define it in a .material script?
21:55:52: Can't assign material scene::Material(65396) because this Material does not exist. Have you forgotten to define it in a .material script?
21:55:52: Can't assign material scene::Material(65488) because this Material does not exist. Have you forgotten to define it in a .material script?
21:55:52: Can't assign material scene::Material(65488) because this Material does not exist. Have you forgotten to define it in a .material script?
21:55:52: Can't assign material scene::Material(65488) because this Material does not exist. Have you forgotten to define it in a .material script?
21:55:52: Can't assign material scene::Material(65488) because this Material does not exist. Have you forgotten to define it in a .material script?
21:55:52: Can't assign material scene::Material(65488) because this Material does not exist. Have you forgotten to define it in a .material script?
21:55:52: Can't assign material scene::Material(65488) because this Material does not exist. Have you forgotten to define it in a .material script?
21:55:52: Can't assign material scene::Material(65488) because this Material does not exist. Have you forgotten to define it in a .material script?
21:55:52: Can't assign material scene::Material(65488) because this Material does not exist. Have you forgotten to define it in a .material script?
21:55:52: Can't assign material scene::Material(65488) because this Material does not exist. Have you forgotten to define it in a .material script?
21:55:52: Can't assign material scene::Material(65345) because this Material does not exist. Have you forgotten to define it in a .material script?
21:55:52: Can't assign material scene::Material(65488) because this Material does not exist. Have you forgotten to define it in a .material script?
21:55:52: Can't assign material scene::Material(65488) because this Material does not exist. Have you forgotten to define it in a .material script?
21:55:52: Can't assign material scene::Material(65488) because this Material does not exist. Have you forgotten to define it in a .material script?
21:55:52: Can't assign material scene::Material(65488) because this Material does not exist. Have you forgotten to define it in a .material script?
21:55:52: Can't assign material scene::Material(65488) because this Material does not exist. Have you forgotten to define it in a .material script?
21:55:52: Can't assign material scene::Material(65488) because this Material does not exist. Have you forgotten to define it in a .material script?
21:55:52: Can't assign material scene::Material(65488) because this Material does not exist. Have you forgotten to define it in a .material script?
21:55:52: Can't assign material scene::Material(65488) because this Material does not exist. Have you forgotten to define it in a .material script?
21:55:52: Can't assign material scene::Material(65488) because this Material does not exist. Have you forgotten to define it in a .material script?
21:55:52: Can't assign material scene::Material(65294) because this Material does not exist. Have you forgotten to define it in a .material script?
21:55:52: Can't assign material scene::Material(65288) because this Material does not exist. Have you forgotten to define it in a .material script?
21:55:52: Can't assign material scene::Material(65437) because this Material does not exist. Have you forgotten to define it in a .material script?
21:55:52: Can't assign material scene::Material(65443) because this Material does not exist. Have you forgotten to define it in a .material script?
21:56:10: Can't assign material scene::Material(65488) because this Material does not exist. Have you forgotten to define it in a .material script?
